Tim
Luna
Maxi
Robo
Tommy
Sam
Flinn
Stella
Nova
Mira
Leo
Cosmo
Zora
Orion
Nio
Kira
Astro
Polly
Sky
Vega
Milly
Pax
Finja
Taro
Lyra
Juno
Ricky
Nala
Bleep
Quip
Sola
Aris
Fynn
Zeno
Ella
Lumi
Sero
Kibo
Dori
Rika
Suki
Jax
Tinka
Brix
Pippa
Nelo
Yuma
Lari
Zakk
Fela
Tori
Nexo
Lilo
Arlo
Xeno
Paxi
Rolo
Tilly
Yumi
Zuri
Miko
Kimo
Solin
Rani
Nira
Timo
Volo
Zizi
Plip
Karo
Jari
Luma
Aero
Sari
Nuno
Rumi
Zako
Kiko
Tega
Vani
Leto
Fino
Zina
Paxo
LumiX
Robo-Max
Sola-Bot
Trixi
Sero-7
Finno
Yara
Leni
Kiro
Nala-Nova
Lupo
Lani
Vexo
Tula
Reni
Zaro
Kimi
Naro
Selma
Pollo
LumaX
Taro-Bot
Fila
Rexo
MiraLyn
Zoro
Jupi
Elin
Korbi
Vira
Pexo
Suki-5
Milo
Sia
Tiko
Zibu
Lyro
Fio
Sora
Tiffi
Kenzo
Zyni
Laro
Pippa-X
Rübo
Nimo
Xiri
Jara
Kono
Dali
Lilli
Oris
Pali
Roki
Nelly
Zeku
NaroX
Tuni
KiraX
Lumi-Bot
Seno
Arin
Vion
Joni
Piko
Zaba
Lila
Ramo
Sumi
Yaro
TulaX
Feli
Kexo
Miri
Soli
Dano
Zalo
Miu
Riko-7
Javi
Nesa
Tiro
Zuki
Eno
Panu
ViraX
Siro
LiloX
Kaba
Yino
Trix
Muno
Rina
Zobi
Kira-Lyn
TaroX
LeniX
Fimo
Salo
Kiro-Bot
Yuni
ZaroX
Leni-Bot
Mako
Rila
TimoX
Sona
Vexo-Bot
Jumi
Kelu
Niza
Zaro-Bot
Lona
Pumo
SariX
Yako