Aber was ist
alle Kinder Raum
Als die kleine
Also, ein
Angenommen du
Angenommen du bauen
Antwort mir zu
An Ungeheuer
Auf einer Welt
Auf welche Mission
Aus den Träumen
aus ihnen formen
Baue ein Mars
Baut ein
Begleite mich Welten
Beleg mir  ein
Beschreibe das Universum
Beschreibe eine Möglichkeit
Beschreibe eine Welt
Bitte kopiere das
Bringen uns die
Bringen wir der
bunte Planeten voller
Bunt verzaubert
Danach hab ich
Darf ich b
Darf ich wissen
Darum bitte mich
Das Ende des
Das Universum voller
Die Galaxie wird
Die geheimnisvolle Reise
Die Geschichte beginnt
Die sagen
Die Sternenflotte
Die Zeit hat
Draußen im All
Du glaubst es
Du kennst diese
Durch die Galaxie
Durch die Schnittstelle
Durch die Sterne
Durch welche fabrikt
Durch welche Magie
Eine Geschichte von
Einen Sternenschiff
Eines Abends im
Eines Sternes ihr
Eines Tages sahen
Eine verlorene Seekarte
Ein kleine Abenteurer
Einmal, als
Einmal in einer
Einmal über deine
ein Planet der
Ein wildes Abenteuer
Entdecke den
Entdecke die strahlenden
Entdecke mir die
Entdecke mit mir
Ereignisse zwischen den
Erfinde das
Erfinde eine
Erfinde eine coole
Erfinde eine Geschichte
Erfinde einen Cosmonaut
Erfinde eine neue
Erfinde eine Story
Erfinde eine tolle
Erfinde eine Welt
Erfindest du bitte
Erfindunenunde Welten
Erforsche das
Erforsche die Galaxie
Erheit auf spannenden
Erinnere dich an
Erinnere ich dich
Erinnerst du dich
Erklär mir mal
Erkundet die Sterne
Erschaffe eine besondere
Erschaffe eine Reise
Erschaffe eine spannende
Erschaffe neue Planeten
Erschuf etwas für
Erstände dies mit
Erzähl du mir
Erzähl eine Geschichte
Erzähl mir eine
Erzähl mir mal
Erzähl mir von
Erzählte mir mal
Erzähl uns von
Erzähl von
Erzähl von dem
Erzähl  von der
Erzähl von einem
Erzähl was vom
Erzieh mich
Es gibt auch
Es war einmal
etwas über delektierlich
Ewigkeiten vorher gibt
Falls Planet X
Fantastische Galaxie Abenteuer
Farbenfrohe Planeten und
Farben Gibt
Find Kinder Sternenmelodie
Fliege bitte zu
Fliege mit mir
Fliege mit nur
Fliege mit uns
fliegendes Raumschiff,
Flieg ich durch
Flieg mit
Flieg mit mir
Fliegst du GerentMj
Fliegt daran vorbei
Fliegt irgendwo ein
Flieg zu den
Flüssigkeit gibt mir
Flüster mir die
Flüstert da etwas
Flüstert der Nebel
Fraße dich Werden
Fröhliche Raumerteinander mit
für dich eine
Galaktisch gewoben
Gehalten mit Plutos
Geh auf eine
Geheime Astronaut
Geheimnisse des
Gehe jetzt mal
Gemeinsam fliegen wir
Geschichten von dem
Gibt es ein
Gibt es eine
Gibt es vielleicht
Glaube an Geschichten
Glaube mir wenn
Glühen die
Grunde des Universums
Grüne Planeten
Habe ich dreimal
Hast die Gesund
Hast du eine
Hast du Ideen
Hast du jemals
Hast du Magie
Hätten wir mal
Hattest du jemals
Hättest du Lust
Häufig geschieht das
Heißt das,
Heldenhafter Satelliten Flughafen
Helft die Raumfrevler
Hier ist deine
Hikteur Erlaubnis
Hilf mir bei
Hilf mir sonst
Hinter dem
Hinter dem Mond
Hinter dem Planet
Hinter die Fensterbretter
Hol mir den
Hörst du die
Ich erdachte diesen
Ich flieg so
Ich frage mich
Ich habe gehört
Ich habe nämlich
Ich möchte wissen
Ich stell mich
Ich wünsch mir
Ich wünschte,
Ich würde gerne
If stars can
Ihr könnt mir
Illustrationen von
Im All gibt
Immer mehr Sterne
Im Universum sprengt
Im Weltraum,
Im Weltraum habe
In den Sternen
In den Tiefen
In den Weiten
In der
In dieser Welt
In einem fernen
In einem Kaleidoskop
In einem weit
In einem Weltall
In einem Zauberwald
In einer fernen
In einer Galaxie
In einer Welt
In meiner Erfassung
Inraümisch erotmusikerte
Interstellare Abenteuer
In weiter Ferne
In welcher Sternenstadt
Ist dein weißer
Ist es wahr
Ist nicht möchte
Jenseits der Sterne
Jetzt sind wir
Käme ich mit
Kann die Weltraum
Kann ich auf
Kann ich dich
Kann ich fliegende
Kann ich mit
Kann ich muss
Kannst aus unvorstellbaren
Kannst du bitte
Kannst du die
Kannst du eine
Kannst du erfinden
Kannst du mir
Kannst du vorstellen
Kann Wäre da
Kennst du vielleicht
Kennt iRobot4000
Kenntnis vom
Kleine Astronaut von
kleiner Weltraum Peke
Konkurriere mit dein
Können wir nach
Könnte es das
Könnte es eine
Konnte ich bemerken
Könntest du
Könntest du bitte
Konstellationen erzählen den
Kosmische Abenteuer
Kosmonaut finde
Kratzbügel reisen
Lasst uns die
Lass uns
Lass uns die
Lass uns ein
Lass uns einen
Lass uns fliegen
Lass uns gemeinsam
Lass uns in
Lass uns mal
Lass uns mit
Lass uns von
Lass uns vorstellen
Läutet die Raum
Lege dein Raumanzug
Lichtjahre weg
Mache eine Reise
Mach eine Weltraumgeschichte
Machen magische Monde
Macht es Dir
MACS Tante schuf
Mag ich müssen
Magisch befindet sich
Magische Abenteuer
Magische Monster und
Magische Wesen werden
Magst du bitte
Magst du eine
Magst du uns
Mal dir vor
Mal ehrlich,
Malen wir ein
Mal uns die
Mauern der Zeit
Mehr details zu
Meine Reise stell
Meinst du das
Milchstraße weiß
Mit dem Raumanzug
Mit den Sternen
Mit einem fremden
Mit einem Kosmonauten
Mitgestalte und erzähle
Mit Raketen ins
Mit welchen Kräften
Mit wem fliege
Möchtest du eine
Möchtest du mal
Möchte wissen
Mögliche Plänen für
Montie  mir ein
Motiviert mit Ying
Nachts im Weltraum
Niemand weiß was
Notiere eine
Oder Wenn ich
Offenbare Geheimes
Ohne den Einflug
Pastellfarben und Kosmonauten
penasaciones sind em
Petarus, abenteuerlicher
Phantastisches Marathon
pilzesamen Aktivitäten,
Plötzlich auftauchen
Plötzlich fliegt ihr
Rätsel in
Rennen wir los
Rette die
Rette gefangen
Sag mal,
Sag mir,
Schaff eine staunenswerte
Schicke uns auf
Schieß in den
Schillernde Sternenschmerzen
Schlüssel des Universums
Schraube ein
Schreib mir eine
Sein wird,
Seitdem draussen alles
Sind wir bereit
Space Kids
Spiele ich gerne
Spielen in der
Spricht dir zum
Stell dir doch
Stell dir eine
Stell dir Gr
Stell dir mal
stell dir vor
Stell dir vor
Stelle dir vor
Stelle ich mir
Stelle mir dieses
stellt ihr euch
Sternenstaub mischt sich
Sternenstaub und
Sternenweis ersetzt fin
Sterne sind nur
Stilvoll erträumt
Stöbern wir spannend
Superhelden reisen
Synchronisiere die Prismen
That Sheen kele
Through the galactic
Tiwlinge suchen auch
Tolle kleine.
träumen von vier
Träume von
Träume von vier
Traumha mich Wohlfühl
Treibst du mit
Überlege, wenn
Umkreisen planeten,
Und wenn espassiren
Unergrundungsidee
Unterhaltung ist es
Unternimm eine Reise
Unternimm mit mir
Unterstelle grünes Licht
Us große Planzet
Verbindung zum Sternesaum
Vergesst die
Versteck dich nicht
Verstecke dich in
Versteckte Welten im
Verwandle mich in
Verwirf eine ungewöhnliche
Vielleicht auf dem
Vielleicht könnte man
Vielleicht, stelle
Vielleicht wenn du
Von fernen Galaxien
Vorstellen mit dem
Wagst du eine
Wann begab er
Wann hast du
Wäre es nicht
Warst du jemals
Warte, bis
Warte mal,
Warumießt Du mein
Warum ist es
Was davon würdest
Was denkst du
Was für eine
Was gibt es
Was ist,
Was ist wenn
Was könnte passieren
Was liest das
Was machen Sterne
Was meinen die
Was passiert,
Was passierte als
Was passiert in
Was passiert wenn
Was tanzen die
Was tun wir
Was wäre wenn
Was, wenn
Was wenn ein
Was wenn einmal
Was wenn Spacebowling
Was wenn Sternen
Was wenn wir
Was würde passieren
Weil ein Roboter
weisen die Sterne
Weißt du,
Weißt du was
Weist du ob
Welche Abenteuer erleben
Welche Abenteuer erlebt
Welche Abenteuer erwarten
Welche Abenteuer gab
Welche bunte
Welche Elemente gibt
Welche Geschichten können
Welche Kreaturen würde
Welche Reise starten
Welche Superkräfte gibt
Welche Tiere fliegen
Welche tollen
Wenn Abenteurer in
Wenn Außerirdische auf
Wenn das Abenteuer
Wenn den Jura
Wenn der Raum
Wenn die Sterne
Wenn du ein
Wenn du eine
Wenn du magst
Wenn ein astronaulen
Wenn einem Alien
Wenn eine Raket
Wenn ein Sterne
Wenn ich
Wenn ich die
Wenn ich ein
Wenn ich einen
Wenn ich einmal
Wenn ich fliege
Wenn ich ins
Wenn ich Raumforscherin
Wenn Kinder haben
Wenn Kinder mit
Wenn persönliche Harps
Wenn Planeten
Wenn Planeten flüstern
Wenn Sterne flüstern
Wenn Sterne Geschichten
Wenn Sterne sprechen
Wenn wir genau
Wenn wir in
Wenn wir zu
Wenn Würmer Pflanzen
werden die Galaxien
Werde zu einem
Wie erklären dir
Wie fliegt man
Wie ist es
Wie könnte das
Wie sieht es
Wie wär'
Wie wäre ein
Wie wäre eine
Wie wäre es
Willst du mit
Willst du wissen
Wirbelnd zwischen Sterne
Wir haben gesehen
Wo fliegen am
Wofür die Sterne
Woher kommen die
Wohin führt der
Wohin führt uns
Wo im Weltall
Wo könnte die
Wo landen
Woran du denken
Wo sind
Wo würde der
Wunderbar, erzähl
Wünsch dir mal
Wünschen wir uns
Würde es sein
Würde es Stern
Würde gerne wissen
Würde ich eine
Würde passieren,
Würdest du dir
Würdest du gerne
Würdest du mir
Wusste das Kinder
Wüsste ich gerne
Zeichne eine Reise
Zeichne mir eine
Zeige mir die
Zeige mir ein
Zeigen Galaxien Katzen
Zeige uns ibr
Zeig mir bitte
Zeig mir den
Zeig mir die
Zeitreisen zu
Zwei freundliche PilzMäuse