Weltraum
Planeten
Raumschiffe
Asteroiden
Aliens
Galaxien
Sternschnuppen
Kometen
Raketenstart
Weltraumtouristen
Roboter
Mondlandung
Weltraumwalkie-Talkies
Raumanzüge
Kosmischer Staub
Raumkreuzer
Intergalaktische Reisen
Weltraumtunnel
Sternennacht
Meteoriten
Exoplaneten
Schwarze Löcher
Nebel
Quasare
Dunkle Materie
Wurmlochs
Weltraumstationen
Satelliten
Sonnensystem
Galaktische Reiche
Zeitreisen
Weltraumkriege
Weltraumkristalle
Kosmische Energie
Riesenwellen
Sonnenstürme
Kometen
Galaktische Abenteuer
Interstellarer Handel
Weltraumkolonien